// Jest Snapshot v1, https://goo.gl/fbAQLP

exports[`renders correctly 1`] = `
<View
  style={
    Object {
      "height": undefined,
      "width": undefined,
    }
  }
>
  <Image
    resizeMethod="scale"
    style={
      Array [
        Object {
          "flex": 1,
          "width": undefined,
        },
        undefined,
      ]
    }
    tintColor={null}
  />
</View>
`;
