// Jest Snapshot v1, https://goo.gl/fbAQLP

exports[`renders correctly 1`] = `
<View>
  <Text
    style={
      Object {
        "color": "#202020",
        "fontSize": 60,
        "fontWeight": "bold",
      }
    }
  />
</View>
`;
