// Jest Snapshot v1, https://goo.gl/fbAQLP

exports[`renders correctly 1`] = `
<View
  accessible={true}
  collapsable={false}
  focusable={false}
  onClick={[Function]}
  onResponderGrant={[Function]}
  onResponderMove={[Function]}
  onResponderRelease={[Function]}
  onResponderTerminate={[Function]}
  onResponderTerminationRequest={[Function]}
  onStartShouldSetResponder={[Function]}
  style={
    Object {
      "alignItems": "center",
      "backgroundColor": undefined,
      "borderRadius": 0,
      "height": undefined,
      "justifyContent": "center",
      "opacity": 1,
      "width": undefined,
    }
  }
>
  <View
    style={
      Object {
        "height": 10,
        "width": 10,
      }
    }
  >
    <Image
      resizeMethod="scale"
      style={
        Array [
          Object {
            "flex": 1,
            "width": 10,
          },
          undefined,
        ]
      }
      tintColor="#000000"
    />
  </View>
</View>
`;
