// Jest Snapshot v1, https://goo.gl/fbAQLP

exports[`renders correctly 1`] = `
<View
  style={
    Object {
      "alignItems": "center",
      "backgroundColor": "#D6D6D6",
      "borderRadius": 8,
      "flexDirection": "row",
      "justifyContent": "space-between",
      "padding": 10,
    }
  }
>
  <View>
    <View
      accessible={true}
      collapsable={false}
      focusable={false}
      onClick={[Function]}
      onResponderGrant={[Function]}
      onResponderMove={[Function]}
      onResponderRelease={[Function]}
      onResponderTerminate={[Function]}
      onResponderTerminationRequest={[Function]}
      onStartShouldSetResponder={[Function]}
      style={
        Object {
          "alignItems": "center",
          "justifyContent": "center",
          "opacity": 1,
          "padding": 2,
        }
      }
    >
      <Image
        style={
          Object {
            "height": 24,
            "width": 24,
          }
        }
        tintColor="#202020"
      />
    </View>
  </View>
  <TextInput
    onChangeText={[Function]}
    placeholder="Search"
    placeholderTextColor="#202020"
    style={
      Object {
        "color": "#202020",
        "width": "90%",
      }
    }
  />
</View>
`;
